---
source: src/fundamentals/extraction/ocr/parser.rs
assertion_line: 541
expression: facts
---
[
    ExtractedFact {
        metric_key: "revenue",
        value: 1842000000,
        period: Instant(
            "2025-09-30",
        ),
        basis: None,
        currency: None,
        tier: AiText,
        citation: "przychody ze sprzedaży",
    },
    ExtractedFact {
        metric_key: "net_profit",
        value: -58000000,
        period: Instant(
            "2025-09-30",
        ),
        basis: None,
        currency: None,
        tier: AiText,
        citation: "zysk netto",
    },
    ExtractedFact {
        metric_key: "eps_basic",
        value: 3.15,
        period: Instant(
            "2025-09-30",
        ),
        basis: None,
        currency: None,
        tier: AiText,
        citation: "zysk na akcję",
    },
    ExtractedFact {
        metric_key: "total_assets",
        value: 9730000000,
        period: Instant(
            "2025-09-30",
        ),
        basis: None,
        currency: None,
        tier: AiText,
        citation: "aktywa razem",
    },
]
