---
source: src/fundamentals/kpi_manifest/tests.rs
expression: sealed.manifest_json()
---
{"manifestSchemaVersion":1,"validatorVersion":"1","runId":"run1","revision":1,"outcome":"failed","companyId":"c1","reportDocumentId":"doc1","sourceContentHash":"hash-src","scope":"consolidated","dataQuality":"final","period":{"periodId":null,"fiscalYear":2025,"periodType":"FY"},"expectedKpis":null,"observations":[{"observationId":"o1","ordinal":0,"rawLabel":"Przychody ze sprzedaży","metricKey":"revenue","definitionId":"kpidef_revenue","normalizedValue":"1234.5","currency":null,"unitScale":"ones","attribution":"total","measureWindow":"flow","scope":null,"citation":{"page":3,"table":null,"row":null,"quote":"Przychody 1 234,5"},"validationState":"flagged","codes":[{"code":"unit.currency_missing","detail":null}],"excluded":false,"exclusionReason":null}],"runDiagnostics":[],"completeness":null,"counts":{"passed":0,"unreviewed":0,"flagged":1}}
