---
source: src/mcp/kpi_ingest_submit.rs
expression: redacted
---
{
  "acceptedCount": 1,
  "committedAt": "[timestamp]",
  "manifestHash": "[hash]",
  "manifestRevision": 1,
  "outcomes": [
    {
      "factId": "fact_finper_c1_2025_fy_kpidef_revenue_standalone_total_reported_flow_final_[uid]",
      "metricKey": "revenue",
      "observationId": "[id]",
      "ordinal": 0,
      "outcome": "created",
      "revision": 1
    }
  ],
  "outcomesSchemaVersion": 1,
  "periodId": "finper_c1_2025_fy",
  "runId": "[id]",
  "terminalStatus": "complete"
}
