---
source: src/fundamentals/metrics.rs
expression: values
---
[
    (
        "close",
        Some(
            231,
        ),
    ),
    (
        "distance_from_52w_high",
        Some(
            -0.1115384615384615384615384615,
        ),
    ),
    (
        "distance_from_52w_low",
        Some(
            0.2833333333333333333333333333,
        ),
    ),
    (
        "dividend_yield",
        Some(
            0.0017316017316017316017316017,
        ),
    ),
    (
        "ev_ebitda",
        Some(
            11.80,
        ),
    ),
    (
        "fcf_yield",
        Some(
            0.0303030303030303030303030303,
        ),
    ),
    (
        "market_cap",
        Some(
            231000000,
        ),
    ),
    (
        "pbv_ratio",
        Some(
            4.62,
        ),
    ),
    (
        "pe_ratio",
        Some(
            770,
        ),
    ),
    (
        "valuation_percentile_52w",
        Some(
            0.6375,
        ),
    ),
    (
        "week52_high",
        Some(
            260,
        ),
    ),
    (
        "week52_low",
        Some(
            180,
        ),
    ),
]
