---
source: src/fundamentals/extraction/html/tests.rs
expression: lines
---
[
    "rzis | IncomeRevenues | przychody ze sprzedaży -> revenue",
    "rzis | IncomeCostOfSales | techniczny koszt wytworzenia produkcji sprzedanej -> (unmapped — reviewed skip)",
    "rzis | IncomeDistributionExpenses | koszty sprzedaży -> (unmapped — reviewed skip)",
    "rzis | IncomeAdministrativExpenses | koszty ogólnego zarządu -> (unmapped — reviewed skip)",
    "rzis | IncomeGrossProfit | zysk ze sprzedaży -> (unmapped — reviewed skip)",
    "rzis | IncomeOtherOperatingIncome | pozostałe przychody operacyjne -> (unmapped — reviewed skip)",
    "rzis | IncomeOtherOperatingCosts | pozostałe koszty operacyjne -> (unmapped — reviewed skip)",
    "rzis | IncomeEBIT | zysk operacyjny (ebit) -> operating_profit",
    "rzis | IncomeFinanceIncome | przychody finansowe -> (unmapped — reviewed skip)",
    "rzis | IncomeFinanceCosts | koszty finansowe -> (unmapped — reviewed skip)",
    "rzis | IncomeOtherIncome | pozostałe przychody (koszty) -> (unmapped — reviewed skip)",
    "rzis | IncomeNetGrossProfit | zysk z działalności gospodarczej -> (unmapped — reviewed skip)",
    "rzis | IncomeExtraordinarProfit | wynik zdarzeń nadzwyczajnych -> (unmapped — reviewed skip)",
    "rzis | IncomeBeforeTaxProfit | zysk przed opodatkowaniem -> (unmapped — reviewed skip)",
    "rzis | IncomeDiscontinuedProfit | zysk (strata) netto z działalności zaniechanej -> net_profit_discontinued",
    "rzis | IncomeNetProfit | zysk netto -> net_profit",
    "rzis | IncomeShareholderNetProfit | zysk netto akcjonariuszy jednostki dominującej -> wdf_net_profit_parent",
    "rzis | IncomeEBITDA | ebitda -> (unmapped — reviewed skip)",
    "bilans | BalanceNoncurrentAssets | aktywa trwałe -> (unmapped — reviewed skip)",
    "bilans | BalanceOtherNoncurrentAssets | pozostałe aktywa trwałe -> (unmapped — reviewed skip)",
    "bilans | BalanceCurrentAssets | aktywa obrotowe -> current_assets",
    "bilans | BalanceInventory | zapasy -> inventories",
    "bilans | BalanceOtherCurrentAssets | pozostałe aktywa obrotowe -> (unmapped — reviewed skip)",
    "bilans | BalanceAssetsForSale | aktywa trwałe przeznaczone do sprzedaży -> (unmapped — reviewed skip)",
    "bilans | BalanceTotalAssets | aktywa razem -> total_assets",
    "bilans | BalanceCapital | kapitał własny akcjonariuszy jednostki dominującej -> wdf_equity_parent",
    "bilans | BalanceNoncurrentLiabilities | zobowiązania długoterminowe -> (unmapped — reviewed skip)",
    "bilans | BalanceNoncurrentLeasing | zobowiązania z tytułu leasingu finansowego -> (unmapped — reviewed skip)",
    "bilans | BalanceNoncurrentOtherLiabilities | inne zobowiązania długoterminowe -> (unmapped — reviewed skip)",
    "bilans | BalanceCurrentLiabilities | zobowiązania krótkoterminowe -> current_liabilities",
    "bilans | BalanceCurrentLeasing | zobowiązania z tytułu leasingu finansowego -> (unmapped — reviewed skip)",
    "bilans | BalanceCurrentOtherLiabilities | inne zobowiązania krótkoterminowe -> (unmapped — reviewed skip)",
    "bilans | BalanceTotalEquityAndLiabilities | pasywa razem -> (unmapped — reviewed skip)",
    "przeplywy | CashflowOperatingCashflow | przepływy pieniężne z działalności operacyjnej -> operating_cash_flow",
    "przeplywy | CashflowAmortization | amortyzacja -> (unmapped — reviewed skip)",
    "przeplywy | CashflowInvestingCashflow | przepływy pieniężne z działalności inwestycyjnej -> investing_cash_flow",
    "przeplywy | CashflowFinancingCashflow | przepływy pieniężne z działalności finansowej -> financing_cash_flow",
]
