---
source: src/fundamentals/extraction/html/tests.rs
assertion_line: 459
expression: lines
---
[
    "rzis | IncomeRevenues | przychody ze sprzedaży -> revenue",
    "rzis | IncomeCostOfSales | techniczny koszt wytworzenia produkcji sprzedanej -> (unmapped — reviewed skip)",
    "rzis | IncomeDistributionExpenses | koszty sprzedaży -> (unmapped — reviewed skip)",
    "rzis | IncomeAdministrativExpenses | koszty ogólnego zarządu -> (unmapped — reviewed skip)",
    "rzis | IncomeGrossProfit | zysk ze sprzedaży -> (unmapped — reviewed skip)",
    "rzis | IncomeOtherOperatingIncome | pozostałe przychody operacyjne -> (unmapped — reviewed skip)",
    "rzis | IncomeOtherOperatingCosts | pozostałe koszty operacyjne -> (unmapped — reviewed skip)",
    "rzis | IncomeEBIT | zysk operacyjny (ebit) -> operating_profit",
    "rzis | IncomeFinanceIncome | przychody finansowe -> (unmapped — reviewed skip)",
    "rzis | IncomeFinanceCosts | koszty finansowe -> (unmapped — reviewed skip)",
    "rzis | IncomeOtherIncome | pozostałe przychody (koszty) -> (unmapped — reviewed skip)",
    "rzis | IncomeNetGrossProfit | zysk z działalności gospodarczej -> (unmapped — reviewed skip)",
    "rzis | IncomeExtraordinarProfit | wynik zdarzeń nadzwyczajnych -> (unmapped — reviewed skip)",
    "rzis | IncomeBeforeTaxProfit | zysk przed opodatkowaniem -> (unmapped — reviewed skip)",
    "rzis | IncomeDiscontinuedProfit | zysk (strata) netto z działalności zaniechanej -> net_profit_discontinued",
    "rzis | IncomeNetProfit | zysk netto -> net_profit",
    "rzis | IncomeShareholderNetProfit | zysk netto akcjonariuszy jednostki dominującej -> wdf_net_profit_parent",
    "rzis | IncomeEBITDA | ebitda -> (unmapped — reviewed skip)",
    "bilans | BalanceNoncurrentAssets | aktywa trwałe -> (unmapped — reviewed skip)",
    "bilans | BalanceOtherNoncurrentAssets | pozostałe aktywa trwałe -> (unmapped — reviewed skip)",
    "bilans | BalanceCurrentAssets | aktywa obrotowe -> current_assets",
    "bilans | BalanceInventory | zapasy -> inventories",
    "bilans | BalanceOtherCurrentAssets | pozostałe aktywa obrotowe -> (unmapped — reviewed skip)",
    "bilans | BalanceAssetsForSale | aktywa trwałe przeznaczone do sprzedaży -> (unmapped — reviewed skip)",
    "bilans | BalanceTotalAssets | aktywa razem -> total_assets",
    "bilans | BalanceCapital | kapitał własny akcjonariuszy jednostki dominującej -> wdf_equity_parent",
    "bilans | BalanceNoncurrentLiabilities | zobowiązania długoterminowe -> (unmapped — reviewed skip)",
    "bilans | BalanceNoncurrentLeasing | zobowiązania z tytułu leasingu finansowego -> (unmapped — reviewed skip)",
    "bilans | BalanceNoncurrentOtherLiabilities | inne zobowiązania długoterminowe -> (unmapped — reviewed skip)",
    "bilans | BalanceCurrentLiabilities | zobowiązania krótkoterminowe -> current_liabilities",
    "bilans | BalanceCurrentLeasing | zobowiązania z tytułu leasingu finansowego -> (unmapped — reviewed skip)",
    "bilans | BalanceCurrentOtherLiabilities | inne zobowiązania krótkoterminowe -> (unmapped — reviewed skip)",
    "bilans | BalanceTotalEquityAndLiabilities | pasywa razem -> (unmapped — reviewed skip)",
    "przeplywy | CashflowOperatingCashflow | przepływy pieniężne z działalności operacyjnej -> operating_cash_flow",
    "przeplywy | CashflowAmortization | amortyzacja -> (unmapped — reviewed skip)",
    "przeplywy | CashflowInvestingCashflow | przepływy pieniężne z działalności inwestycyjnej -> investing_cash_flow",
    "przeplywy | CashflowFinancingCashflow | przepływy pieniężne z działalności finansowej -> financing_cash_flow",
    "rzis-bank | IncomeIntrestIncome | przychody odsetkowe -> (unmapped — reviewed skip)",
    "rzis-bank | IncomeIntrestExpense | koszty odsetkowe -> (unmapped — reviewed skip)",
    "rzis-bank | IncomeNetIntrestIncome | wynik z tytułu odsetek -> net_interest_income",
    "rzis-bank | IncomeFeeIncome | przychody prowizyjne -> (unmapped — reviewed skip)",
    "rzis-bank | IncomeFeeExpense | koszty prowizyjne -> (unmapped — reviewed skip)",
    "rzis-bank | IncomeNetFeeExpense | wynik z tytułu prowizji -> net_fee_commission_income",
    "rzis-bank | IncomeDividendIncome | przychody z tytułu dywidend -> (unmapped — reviewed skip)",
    "rzis-bank | IncomeRealisedGains | wynik handlowy i rewaluacja -> (unmapped — reviewed skip)",
    "rzis-bank | IncomeNetOtherFinIncome | wynik na pozostałych instrumentach finansowych -> (unmapped — reviewed skip)",
    "rzis-bank | IncomeNetOtherOperatingIncome | pozostałe przychody operacyjne -> (unmapped — reviewed skip)",
    "rzis-bank | IncomeImpairmentLosses | odpisy netto z tytułu utraty wartości kredytów -> (unmapped — reviewed skip)",
    "rzis-bank | IncomeAdministrationCosts | ogólne koszty administracyjne -> (unmapped — reviewed skip)",
    "rzis-bank | IncomeNetOtherOperatingCosts | pozostałe koszty operacyjne -> (unmapped — reviewed skip)",
    "rzis-bank | IncomeNetoperatingProfit | wynik operacyjny -> (unmapped — reviewed skip)",
    "rzis-bank | IncomeRelatedIncome | udział w zyskach jednostek podporządkowanych -> (unmapped — reviewed skip)",
    "rzis-bank | IncomeBeforTaxProfit | zysk przed opodatkowaniem -> (unmapped — reviewed skip)",
    "rzis-bank | IncomeDiscontinuedProfit | zysk (strata) netto z działalności zaniechanej -> net_profit_discontinued",
    "rzis-bank | IncomeNetProfit | zysk netto -> net_profit",
    "rzis-bank | IncomeShareholderNetProfit | zysk netto akcjonariuszy jednostki dominującej -> wdf_net_profit_parent",
    "rzis-bank | IncomeEBITDA | ebitda -> (unmapped — reviewed skip)",
    "bilans-bank | BalanceCashWithCentralBank | gotówka i operacje z bankami centralnymi -> (unmapped — reviewed skip)",
    "bilans-bank | BalanceLoansToBanks | należności od banków -> (unmapped — reviewed skip)",
    "bilans-bank | BalanceFinAssetsForTrading | aktywa finansowe przeznaczone do obrotu -> (unmapped — reviewed skip)",
    "bilans-bank | BalanceHeldFinancialAssets | pochodne instrumenty zabezpieczające -> (unmapped — reviewed skip)",
    "bilans-bank | BalanceLoansToCustomers | należności od klientów -> total_loans",
    "bilans-bank | BalanceOtherFinAssets | inwestycyjne aktywa finansowe -> (unmapped — reviewed skip)",
    "bilans-bank | BalanceInvestInSubsidiaries | inwestycje w podmioty stowarzyszone -> (unmapped — reviewed skip)",
    "bilans-bank | BalanceIntangibleAssets | wartości niematerialne -> (unmapped — reviewed skip)",
    "bilans-bank | BalanceGoodwill | wartość firmy -> (unmapped — reviewed skip)",
    "bilans-bank | BalanceProperty | rzeczowy majątek trwały -> (unmapped — reviewed skip)",
    "bilans-bank | BalanceTaxAssets | aktywa z tytułu odroczonego podatku dochodowego netto -> (unmapped — reviewed skip)",
    "bilans-bank | BalanceOtherAssets | pozostałe aktywa -> (unmapped — reviewed skip)",
    "bilans-bank | BalanceTotalAssets | aktywa razem -> total_assets",
    "bilans-bank | BalanceLiabilitiesToCentralBank | zobowiązania wobec banku centralnego -> (unmapped — reviewed skip)",
    "bilans-bank | BalanceLiabilitiesToBanks | zobowiązania wobec banków -> (unmapped — reviewed skip)",
    "bilans-bank | BalanceHeldFinancialLiabilities | pochodne instrumenty zabezpieczające -> (unmapped — reviewed skip)",
    "bilans-bank | BalanceFinLiabilitiesForTrading | zobowiązania finansowe przeznaczone do obrotu -> (unmapped — reviewed skip)",
    "bilans-bank | BalanceLiabilitiesToCustomers | zobowiązania wobec klientów -> total_deposits",
    "bilans-bank | BalanceDebtSecurities | zobowiązania z tytułu emisji dłużnych pap. wart -> (unmapped — reviewed skip)",
    "bilans-bank | BalanceSubodinatedLiabilities | zobowiązania podporządkowane -> (unmapped — reviewed skip)",
    "bilans-bank | BalanceTaxLiabilities | zobowiązania z tytułu bieżącego podatku dochodowego -> (unmapped — reviewed skip)",
    "bilans-bank | BalanceOtherLiabilities | pozostałe pasywa -> (unmapped — reviewed skip)",
    "bilans-bank | BalanceTotalLiabilities | zobowiązania razem -> total_liabilities",
    "bilans-bank | BalanceOwnCapital | kapitały własne -> wdf_equity_parent",
    "bilans-bank | BalanceShareCapital | kapitał akcyjny -> (unmapped — reviewed skip)",
    "bilans-bank | BalanceSharePremium | pozostałe kapitały -> (unmapped — reviewed skip)",
    "bilans-bank | BalanceRevaluationReserves | kapitał z aktualizacji wyceny -> (unmapped — reviewed skip)",
    "bilans-bank | BalanceRetainedReserves | zyski zatrzymane -> retained_earnings",
    "bilans-bank | BalanceYearProfit | wynik roku bieżącego -> (unmapped — reviewed skip)",
    "bilans-bank | BalanceNonControlProfit | udziały niekontrolujące -> (unmapped — reviewed skip)",
    "bilans-bank | BalanceTotalCapital | kapitały razem -> total_equity",
    "bilans-bank | BalanceTotalEquityAndLiabilities | pasywa razem -> (unmapped — reviewed skip)",
]
