---
source: src/source_adapters/yahoo_eod.rs
expression: series
---
QuoteSeries {
    symbol: "CDR.WA",
    currency: "PLN",
    quotes: [
        DailyQuote {
            date: "2025-07-13",
            open: 231.5,
            high: 234.0,
            low: 230.8,
            close: 233.0,
            volume: 1706615,
        },
        DailyQuote {
            date: "2025-07-14",
            open: 233.0,
            high: 235.2,
            low: 232.1,
            close: 231.4,
            volume: 1420332,
        },
    ],
}
